[login] chain start Sun Aug 30 05:53:18 AM CEST 2026 on clariden-ln004, gen=90min lane_base=100
[login] gen 1: GPU allowlist [0,3] -> usable [0,3]
[login] gen 1: 0/675 samples, cells 0/45, using GPUs [0,3]
[login] gen 1 finished 07:22:59
[login] gen 2: GPU allowlist [0,3] -> usable [0,3]
[login] gen 2: 234/675 samples, cells 0/45, using GPUs [0,3]
[login] gen 2 finished 08:52:40
[login] gen 3: GPU allowlist [0,3] -> usable [0,3]
[login] gen 3: 453/675 samples, cells 1/45, using GPUs [0,3]
[login] gen 3 finished 10:22:22
[login] gen 4: GPU allowlist [0,3] -> usable [0,3]
[login] gen 4: 539/675 samples, cells 2/45, using GPUs [0,3]
[login] gen 4 finished 11:52:04
[login] gen 5: GPU allowlist [0,3] -> usable [0,3]
[login] gen 5: 567/675 samples, cells 13/45, using GPUs [0,3]
[login] gen 5 finished 13:21:52
[login] gen 6: GPU allowlist [0,3] -> usable [0,3]
[login] gen 6: 592/675 samples, cells 19/45, using GPUs [0,3]
[login] gen 6 finished 14:51:34
[login] gen 7: GPU allowlist [0,3] -> usable [0,3]
[login] gen 7: 613/675 samples, cells 25/45, using GPUs [0,3]
[login] gen 7 finished 16:21:16
[login] gen 8: GPU allowlist [0,3] -> usable [0,3]
[login] gen 8: 640/675 samples, cells 34/45, using GPUs [0,3]
[login] gen 8 finished 17:51:02
[login] gen 9: GPU allowlist [0,3] -> usable [0,3]
[login] gen 9: 662/675 samples, cells 36/45, using GPUs [0,3]
[login] gen 9 finished 19:21:30
[login] worklist COMPLETE (675/675) -- standing down
[login] chain exit Sun Aug 30 07:21:30 PM CEST 2026
