[s3] arm=fitted (fitted per-task) -> /iopsstor/scratch/cscs/dthapa/system3_qwem_omni_8_28/omni_thr_fit/results/full2700 override=<none>
[s3] gen=17/600 nodes=4 lanes=16
[s3] progress=1317/2700 samples remaining=1383 (206.1 GPU-h)
[s3] xRT_mean=1.945 p95=n/a longest_remaining=594.6s
[s3] window-fit cap for this shape: max_dur=289s (0 = take everything)
[s3] gen 18 queued: nodes=4 time=00:22:00
/iopsstor/scratch/cscs/dthapa/system3_qwem_omni_8_28/omni_thr_fit/bin/stage3_worker.sh: line 76: it: command not found
/iopsstor/scratch/cscs/dthapa/system3_qwem_omni_8_28/omni_thr_fit/bin/stage3_worker.sh: line 76: it: command not found
/iopsstor/scratch/cscs/dthapa/system3_qwem_omni_8_28/omni_thr_fit/bin/stage3_worker.sh: line 76: it: command not found
/iopsstor/scratch/cscs/dthapa/system3_qwem_omni_8_28/omni_thr_fit/bin/stage3_worker.sh: line 76: it: command not found
/iopsstor/scratch/cscs/dthapa/system3_qwem_omni_8_28/omni_thr_fit/bin/stage3_worker.sh: line 76: it: command not found
/iopsstor/scratch/cscs/dthapa/system3_qwem_omni_8_28/omni_thr_fit/bin/stage3_worker.sh: line 76: it: command not found
/iopsstor/scratch/cscs/dthapa/system3_qwem_omni_8_28/omni_thr_fit/bin/stage3_worker.sh: line 76: it: command not found
/iopsstor/scratch/cscs/dthapa/system3_qwem_omni_8_28/omni_thr_fit/bin/stage3_worker.sh: line 76: it: command not found
/iopsstor/scratch/cscs/dthapa/system3_qwem_omni_8_28/omni_thr_fit/bin/stage3_worker.sh: line 76: it: command not found
/iopsstor/scratch/cscs/dthapa/system3_qwem_omni_8_28/omni_thr_fit/bin/stage3_worker.sh: line 76: it: command not found
/iopsstor/scratch/cscs/dthapa/system3_qwem_omni_8_28/omni_thr_fit/bin/stage3_worker.sh: line 76: it: command not found
/iopsstor/scratch/cscs/dthapa/system3_qwem_omni_8_28/omni_thr_fit/bin/stage3_worker.sh: line 76: it: command not found
/iopsstor/scratch/cscs/dthapa/system3_qwem_omni_8_28/omni_thr_fit/bin/stage3_worker.sh: line 76: it: command not found
/iopsstor/scratch/cscs/dthapa/system3_qwem_omni_8_28/omni_thr_fit/bin/stage3_worker.sh: line 76: it: command not found
/iopsstor/scratch/cscs/dthapa/system3_qwem_omni_8_28/omni_thr_fit/bin/stage3_worker.sh: line 76: it: command not found
/iopsstor/scratch/cscs/dthapa/system3_qwem_omni_8_28/omni_thr_fit/bin/stage3_worker.sh: line 76: it: command not found
[s3] caught USR1 (preemption/wall)
[2026-08-31T07:56:26.018] error: *** STEP 3240307.0 ON nid007559 CANCELLED AT 2026-08-31T07:56:26 DUE TO TIME LIMIT ***
[2026-08-31T07:56:26.018] error: *** JOB 3240307 ON nid007559 CANCELLED AT 2026-08-31T07:56:26 DUE TO TIME LIMIT ***
srun: Job step aborted: Waiting up to 32 seconds for job step to finish.
